// Jest Snapshot v1, https://goo.gl/fbAQLP

exports[`Schema should match snapshot 1`] = `
GraphQLSchema {
  "__allowedLegacyNames": Array [],
  "__validationErrors": undefined,
  "_directives": Array [
    "@include",
    "@skip",
    "@deprecated",
  ],
  "_implementations": Object {},
  "_mutationType": "RootMutation",
  "_possibleTypeMap": undefined,
  "_queryType": "RootQuery",
  "_subscriptionType": undefined,
  "_typeMap": Object {
    "Boolean": "Boolean",
    "Coordinate": "Coordinate",
    "Float": "Float",
    "Location": "Location",
    "RootMutation": "RootMutation",
    "RootQuery": "RootQuery",
    "String": "String",
    "User": "User",
    "__Directive": "__Directive",
    "__DirectiveLocation": "__DirectiveLocation",
    "__EnumValue": "__EnumValue",
    "__Field": "__Field",
    "__InputValue": "__InputValue",
    "__Schema": "__Schema",
    "__Type": "__Type",
    "__TypeKind": "__TypeKind",
  },
  "astNode": undefined,
  "extensionASTNodes": undefined,
}
`;
